INFO:mail.log:Available AUTH mechanisms: LOGIN(builtin) PLAIN(builtin)
INFO:mail.log:Peer: ('::1', 51865, 0, 0)
INFO:mail.log:('::1', 51865, 0, 0) handling connection
INFO:mail.log:('::1', 51865, 0, 0) EOF received
INFO:mail.log:('::1', 51865, 0, 0) Connection lost during _handle_client()
INFO:mail.log:('::1', 51865, 0, 0) connection lost
INFO:mail.log:Available AUTH mechanisms: LOGIN(builtin) PLAIN(builtin)
INFO:mail.log:Peer: ('::1', 54600, 0, 0)
INFO:mail.log:('::1', 54600, 0, 0) handling connection
INFO:mail.log:('::1', 54600, 0, 0) EOF received
INFO:mail.log:('::1', 54600, 0, 0) Connection lost during _handle_client()
INFO:mail.log:('::1', 54600, 0, 0) connection lost
INFO:mail.log:Available AUTH mechanisms: LOGIN(builtin) PLAIN(builtin)
INFO:mail.log:Peer: ('::1', 63503, 0, 0)
INFO:mail.log:('::1', 63503, 0, 0) handling connection
INFO:mail.log:('::1', 63503, 0, 0) EOF received
INFO:mail.log:('::1', 63503, 0, 0) Connection lost during _handle_client()
INFO:mail.log:('::1', 63503, 0, 0) connection lost
INFO:mail.log:Available AUTH mechanisms: LOGIN(builtin) PLAIN(builtin)
INFO:mail.log:Peer: ('::1', 63780, 0, 0)
INFO:mail.log:('::1', 63780, 0, 0) handling connection
INFO:mail.log:('::1', 63780, 0, 0) EOF received
INFO:mail.log:('::1', 63780, 0, 0) Connection lost during _handle_client()
INFO:mail.log:('::1', 63780, 0, 0) connection lost
